I'm sorry, but errors were detected in your script. Please correct the
errors listed below, and try again.


File "game/script.rpy", line 714: expected end of line
    stop sound "audio/court.mp3"
               ^

Ren'Py Version: Ren'Py 7.4.11.2266
Thu Apr 28 06:59:06 2022
